<?xml version="1.0" encoding="ISO-8859-1" ?>
<link_info>
   <banner>MSP430 Linker PC v21.6.1.LTS</banner>
   <copyright>Copyright (c) 2003-2018 Texas Instruments Incorporated</copyright>
   <link_time>0x65418658</link_time>
   <link_errors>0x0</link_errors>
   <output_file>15_Proyecto_Volmetro.out</output_file>
   <entry_point>
      <name>_c_int00_noargs</name>
      <address>0x445a</address>
   </entry_point>
   <input_file_list>
      <input_file id="fl-2">
         <path>.\</path>
         <kind>object</kind>
         <file>main.obj</file>
         <name>main.obj</name>
      </input_file>
      <input_file id="fl-3">
         <path>.\</path>
         <kind>object</kind>
         <file>servo.obj</file>
         <name>servo.obj</name>
      </input_file>
      <input_file id="fl-9">
         <kind>object</kind>
         <file>&lt;internal&gt;</file>
         <name>&lt;internal&gt;</name>
      </input_file>
      <input_file id="fl-24">
         <path>C:\ti\ccs1240\ccs\tools\compiler\ti-cgt-msp430_21.6.1.LTS\lib\</path>
         <kind>archive</kind>
         <file>rts430x_lc_rd_eabi.lib</file>
         <name>sprintf.c.obj</name>
      </input_file>
      <input_file id="fl-25">
         <path>C:\ti\ccs1240\ccs\tools\compiler\ti-cgt-msp430_21.6.1.LTS\lib\</path>
         <kind>archive</kind>
         <file>rts430x_lc_rd_eabi.lib</file>
         <name>div16s.asm.obj</name>
      </input_file>
      <input_file id="fl-26">
         <path>C:\ti\ccs1240\ccs\tools\compiler\ti-cgt-msp430_21.6.1.LTS\lib\</path>
         <kind>archive</kind>
         <file>rts430x_lc_rd_eabi.lib</file>
         <name>div16u.asm.obj</name>
      </input_file>
      <input_file id="fl-27">
         <path>C:\ti\ccs1240\ccs\tools\compiler\ti-cgt-msp430_21.6.1.LTS\lib\</path>
         <kind>archive</kind>
         <file>rts430x_lc_rd_eabi.lib</file>
         <name>int41.asm.obj</name>
      </input_file>
      <input_file id="fl-28">
         <path>C:\ti\ccs1240\ccs\tools\compiler\ti-cgt-msp430_21.6.1.LTS\lib\</path>
         <kind>archive</kind>
         <file>rts430x_lc_rd_eabi.lib</file>
         <name>int43.asm.obj</name>
      </input_file>
      <input_file id="fl-29">
         <path>C:\ti\ccs1240\ccs\tools\compiler\ti-cgt-msp430_21.6.1.LTS\lib\</path>
         <kind>archive</kind>
         <file>rts430x_lc_rd_eabi.lib</file>
         <name>int44.asm.obj</name>
      </input_file>
      <input_file id="fl-2a">
         <path>C:\ti\ccs1240\ccs\tools\compiler\ti-cgt-msp430_21.6.1.LTS\lib\</path>
         <kind>archive</kind>
         <file>rts430x_lc_rd_eabi.lib</file>
         <name>int45.asm.obj</name>
      </input_file>
      <input_file id="fl-2b">
         <path>C:\ti\ccs1240\ccs\tools\compiler\ti-cgt-msp430_21.6.1.LTS\lib\</path>
         <kind>archive</kind>
         <file>rts430x_lc_rd_eabi.lib</file>
         <name>int46.asm.obj</name>
      </input_file>
      <input_file id="fl-2c">
         <path>C:\ti\ccs1240\ccs\tools\compiler\ti-cgt-msp430_21.6.1.LTS\lib\</path>
         <kind>archive</kind>
         <file>rts430x_lc_rd_eabi.lib</file>
         <name>int48.asm.obj</name>
      </input_file>
      <input_file id="fl-2d">
         <path>C:\ti\ccs1240\ccs\tools\compiler\ti-cgt-msp430_21.6.1.LTS\lib\</path>
         <kind>archive</kind>
         <file>rts430x_lc_rd_eabi.lib</file>
         <name>int49.asm.obj</name>
      </input_file>
      <input_file id="fl-2e">
         <path>C:\ti\ccs1240\ccs\tools\compiler\ti-cgt-msp430_21.6.1.LTS\lib\</path>
         <kind>archive</kind>
         <file>rts430x_lc_rd_eabi.lib</file>
         <name>int50.asm.obj</name>
      </input_file>
      <input_file id="fl-2f">
         <path>C:\ti\ccs1240\ccs\tools\compiler\ti-cgt-msp430_21.6.1.LTS\lib\</path>
         <kind>archive</kind>
         <file>rts430x_lc_rd_eabi.lib</file>
         <name>int51.asm.obj</name>
      </input_file>
      <input_file id="fl-30">
         <path>C:\ti\ccs1240\ccs\tools\compiler\ti-cgt-msp430_21.6.1.LTS\lib\</path>
         <kind>archive</kind>
         <file>rts430x_lc_rd_eabi.lib</file>
         <name>int52.asm.obj</name>
      </input_file>
      <input_file id="fl-31">
         <path>C:\ti\ccs1240\ccs\tools\compiler\ti-cgt-msp430_21.6.1.LTS\lib\</path>
         <kind>archive</kind>
         <file>rts430x_lc_rd_eabi.lib</file>
         <name>int53.asm.obj</name>
      </input_file>
      <input_file id="fl-32">
         <path>C:\ti\ccs1240\ccs\tools\compiler\ti-cgt-msp430_21.6.1.LTS\lib\</path>
         <kind>archive</kind>
         <file>rts430x_lc_rd_eabi.lib</file>
         <name>int54.asm.obj</name>
      </input_file>
      <input_file id="fl-33">
         <path>C:\ti\ccs1240\ccs\tools\compiler\ti-cgt-msp430_21.6.1.LTS\lib\</path>
         <kind>archive</kind>
         <file>rts430x_lc_rd_eabi.lib</file>
         <name>int55.asm.obj</name>
      </input_file>
      <input_file id="fl-34">
         <path>C:\ti\ccs1240\ccs\tools\compiler\ti-cgt-msp430_21.6.1.LTS\lib\</path>
         <kind>archive</kind>
         <file>rts430x_lc_rd_eabi.lib</file>
         <name>int56.asm.obj</name>
      </input_file>
      <input_file id="fl-35">
         <path>C:\ti\ccs1240\ccs\tools\compiler\ti-cgt-msp430_21.6.1.LTS\lib\</path>
         <kind>archive</kind>
         <file>rts430x_lc_rd_eabi.lib</file>
         <name>int57.asm.obj</name>
      </input_file>
      <input_file id="fl-36">
         <path>C:\ti\ccs1240\ccs\tools\compiler\ti-cgt-msp430_21.6.1.LTS\lib\</path>
         <kind>archive</kind>
         <file>rts430x_lc_rd_eabi.lib</file>
         <name>int58.asm.obj</name>
      </input_file>
      <input_file id="fl-37">
         <path>C:\ti\ccs1240\ccs\tools\compiler\ti-cgt-msp430_21.6.1.LTS\lib\</path>
         <kind>archive</kind>
         <file>rts430x_lc_rd_eabi.lib</file>
         <name>int59.asm.obj</name>
      </input_file>
      <input_file id="fl-38">
         <path>C:\ti\ccs1240\ccs\tools\compiler\ti-cgt-msp430_21.6.1.LTS\lib\</path>
         <kind>archive</kind>
         <file>rts430x_lc_rd_eabi.lib</file>
         <name>int60.asm.obj</name>
      </input_file>
      <input_file id="fl-39">
         <path>C:\ti\ccs1240\ccs\tools\compiler\ti-cgt-msp430_21.6.1.LTS\lib\</path>
         <kind>archive</kind>
         <file>rts430x_lc_rd_eabi.lib</file>
         <name>int61.asm.obj</name>
      </input_file>
      <input_file id="fl-3a">
         <path>C:\ti\ccs1240\ccs\tools\compiler\ti-cgt-msp430_21.6.1.LTS\lib\</path>
         <kind>archive</kind>
         <file>rts430x_lc_rd_eabi.lib</file>
         <name>int62.asm.obj</name>
      </input_file>
      <input_file id="fl-3b">
         <path>C:\ti\ccs1240\ccs\tools\compiler\ti-cgt-msp430_21.6.1.LTS\lib\</path>
         <kind>archive</kind>
         <file>rts430x_lc_rd_eabi.lib</file>
         <name>isr_trap.asm.obj</name>
      </input_file>
      <input_file id="fl-3c">
         <path>C:\ti\ccs1240\ccs\tools\compiler\ti-cgt-msp430_21.6.1.LTS\lib\</path>
         <kind>archive</kind>
         <file>rts430x_lc_rd_eabi.lib</file>
         <name>mult16_f5hw.asm.obj</name>
      </input_file>
      <input_file id="fl-3d">
         <path>C:\ti\ccs1240\ccs\tools\compiler\ti-cgt-msp430_21.6.1.LTS\lib\</path>
         <kind>archive</kind>
         <file>rts430x_lc_rd_eabi.lib</file>
         <name>mult1632_f5hw.asm.obj</name>
      </input_file>
      <input_file id="fl-3e">
         <path>C:\ti\ccs1240\ccs\tools\compiler\ti-cgt-msp430_21.6.1.LTS\lib\</path>
         <kind>archive</kind>
         <file>rts430x_lc_rd_eabi.lib</file>
         <name>mult32_f5hw.asm.obj</name>
      </input_file>
      <input_file id="fl-3f">
         <path>C:\ti\ccs1240\ccs\tools\compiler\ti-cgt-msp430_21.6.1.LTS\lib\</path>
         <kind>archive</kind>
         <file>rts430x_lc_rd_eabi.lib</file>
         <name>mult3264_f5hw.asm.obj</name>
      </input_file>
      <input_file id="fl-40">
         <path>C:\ti\ccs1240\ccs\tools\compiler\ti-cgt-msp430_21.6.1.LTS\lib\</path>
         <kind>archive</kind>
         <file>rts430x_lc_rd_eabi.lib</file>
         <name>mult64_f5hw.asm.obj</name>
      </input_file>
      <input_file id="fl-41">
         <path>C:\ti\ccs1240\ccs\tools\compiler\ti-cgt-msp430_21.6.1.LTS\lib\</path>
         <kind>archive</kind>
         <file>rts430x_lc_rd_eabi.lib</file>
         <name>boot.c.obj</name>
      </input_file>
      <input_file id="fl-42">
         <path>C:\ti\ccs1240\ccs\tools\compiler\ti-cgt-msp430_21.6.1.LTS\lib\</path>
         <kind>archive</kind>
         <file>rts430x_lc_rd_eabi.lib</file>
         <name>autoinit.c.obj</name>
      </input_file>
      <input_file id="fl-43">
         <path>C:\ti\ccs1240\ccs\tools\compiler\ti-cgt-msp430_21.6.1.LTS\lib\</path>
         <kind>archive</kind>
         <file>rts430x_lc_rd_eabi.lib</file>
         <name>copy_zero_init.c.obj</name>
      </input_file>
      <input_file id="fl-44">
         <path>C:\ti\ccs1240\ccs\tools\compiler\ti-cgt-msp430_21.6.1.LTS\lib\</path>
         <kind>archive</kind>
         <file>rts430x_lc_rd_eabi.lib</file>
         <name>cpy_tbl.c.obj</name>
      </input_file>
      <input_file id="fl-45">
         <path>C:\ti\ccs1240\ccs\tools\compiler\ti-cgt-msp430_21.6.1.LTS\lib\</path>
         <kind>archive</kind>
         <file>rts430x_lc_rd_eabi.lib</file>
         <name>mpu_init.c.obj</name>
      </input_file>
      <input_file id="fl-46">
         <path>C:\ti\ccs1240\ccs\tools\compiler\ti-cgt-msp430_21.6.1.LTS\lib\</path>
         <kind>archive</kind>
         <file>rts430x_lc_rd_eabi.lib</file>
         <name>pre_init.c.obj</name>
      </input_file>
      <input_file id="fl-47">
         <path>C:\ti\ccs1240\ccs\tools\compiler\ti-cgt-msp430_21.6.1.LTS\lib\</path>
         <kind>archive</kind>
         <file>rts430x_lc_rd_eabi.lib</file>
         <name>startup.c.obj</name>
      </input_file>
      <input_file id="fl-48">
         <path>C:\ti\ccs1240\ccs\tools\compiler\ti-cgt-msp430_21.6.1.LTS\lib\</path>
         <kind>archive</kind>
         <file>rts430x_lc_rd_eabi.lib</file>
         <name>copy_decompress_none.c.obj</name>
      </input_file>
      <input_file id="fl-49">
         <path>C:\ti\ccs1240\ccs\tools\compiler\ti-cgt-msp430_21.6.1.LTS\lib\</path>
         <kind>archive</kind>
         <file>rts430x_lc_rd_eabi.lib</file>
         <name>copy_decompress_lzss.c.obj</name>
      </input_file>
      <input_file id="fl-4a">
         <path>C:\ti\ccs1240\ccs\tools\compiler\ti-cgt-msp430_21.6.1.LTS\lib\</path>
         <kind>archive</kind>
         <file>rts430x_lc_rd_eabi.lib</file>
         <name>fixdi.c.obj</name>
      </input_file>
      <input_file id="fl-4b">
         <path>C:\ti\ccs1240\ccs\tools\compiler\ti-cgt-msp430_21.6.1.LTS\lib\</path>
         <kind>archive</kind>
         <file>rts430x_lc_rd_eabi.lib</file>
         <name>fixdli.c.obj</name>
      </input_file>
      <input_file id="fl-4c">
         <path>C:\ti\ccs1240\ccs\tools\compiler\ti-cgt-msp430_21.6.1.LTS\lib\</path>
         <kind>archive</kind>
         <file>rts430x_lc_rd_eabi.lib</file>
         <name>fltid.c.obj</name>
      </input_file>
      <input_file id="fl-4d">
         <path>C:\ti\ccs1240\ccs\tools\compiler\ti-cgt-msp430_21.6.1.LTS\lib\</path>
         <kind>archive</kind>
         <file>rts430x_lc_rd_eabi.lib</file>
         <name>fltlid.c.obj</name>
      </input_file>
      <input_file id="fl-4e">
         <path>C:\ti\ccs1240\ccs\tools\compiler\ti-cgt-msp430_21.6.1.LTS\lib\</path>
         <kind>archive</kind>
         <file>rts430x_lc_rd_eabi.lib</file>
         <name>mpyd.c.obj</name>
      </input_file>
      <input_file id="fl-4f">
         <path>C:\ti\ccs1240\ccs\tools\compiler\ti-cgt-msp430_21.6.1.LTS\lib\</path>
         <kind>archive</kind>
         <file>rts430x_lc_rd_eabi.lib</file>
         <name>exit.c.obj</name>
      </input_file>
      <input_file id="fl-50">
         <path>C:\ti\ccs1240\ccs\tools\compiler\ti-cgt-msp430_21.6.1.LTS\lib\</path>
         <kind>archive</kind>
         <file>rts430x_lc_rd_eabi.lib</file>
         <name>_lock.c.obj</name>
      </input_file>
      <input_file id="fl-51">
         <path>C:\ti\ccs1240\ccs\tools\compiler\ti-cgt-msp430_21.6.1.LTS\lib\</path>
         <kind>archive</kind>
         <file>rts430x_lc_rd_eabi.lib</file>
         <name>args_main.c.obj</name>
      </input_file>
      <input_file id="fl-52">
         <path>C:\ti\ccs1240\ccs\tools\compiler\ti-cgt-msp430_21.6.1.LTS\lib\</path>
         <kind>archive</kind>
         <file>rts430x_lc_rd_eabi.lib</file>
         <name>memcpy.c.obj</name>
      </input_file>
      <input_file id="fl-53">
         <path>C:\ti\ccs1240\ccs\tools\compiler\ti-cgt-msp430_21.6.1.LTS\lib\</path>
         <kind>archive</kind>
         <file>rts430x_lc_rd_eabi.lib</file>
         <name>_printfi.c.obj</name>
      </input_file>
      <input_file id="fl-54">
         <path>C:\ti\ccs1240\ccs\tools\compiler\ti-cgt-msp430_21.6.1.LTS\lib\</path>
         <kind>archive</kind>
         <file>rts430x_lc_rd_eabi.lib</file>
         <name>s_frexp.c.obj</name>
      </input_file>
      <input_file id="fl-55">
         <path>C:\ti\ccs1240\ccs\tools\compiler\ti-cgt-msp430_21.6.1.LTS\lib\</path>
         <kind>archive</kind>
         <file>rts430x_lc_rd_eabi.lib</file>
         <name>s_scalbn.c.obj</name>
      </input_file>
      <input_file id="fl-56">
         <path>C:\ti\ccs1240\ccs\tools\compiler\ti-cgt-msp430_21.6.1.LTS\lib\</path>
         <kind>archive</kind>
         <file>rts430x_lc_rd_eabi.lib</file>
         <name>s_copysign.c.obj</name>
      </input_file>
      <input_file id="fl-57">
         <path>C:\ti\ccs1240\ccs\tools\compiler\ti-cgt-msp430_21.6.1.LTS\lib\</path>
         <kind>archive</kind>
         <file>rts430x_lc_rd_eabi.lib</file>
         <name>wcslen.c.obj</name>
      </input_file>
      <input_file id="fl-58">
         <path>C:\ti\ccs1240\ccs\tools\compiler\ti-cgt-msp430_21.6.1.LTS\lib\</path>
         <kind>archive</kind>
         <file>rts430x_lc_rd_eabi.lib</file>
         <name>div32u.asm.obj</name>
      </input_file>
      <input_file id="fl-59">
         <path>C:\ti\ccs1240\ccs\tools\compiler\ti-cgt-msp430_21.6.1.LTS\lib\</path>
         <kind>archive</kind>
         <file>rts430x_lc_rd_eabi.lib</file>
         <name>lsl32.asm.obj</name>
      </input_file>
      <input_file id="fl-5a">
         <path>C:\ti\ccs1240\ccs\tools\compiler\ti-cgt-msp430_21.6.1.LTS\lib\</path>
         <kind>archive</kind>
         <file>rts430x_lc_rd_eabi.lib</file>
         <name>lsr32.asm.obj</name>
      </input_file>
      <input_file id="fl-5b">
         <path>C:\ti\ccs1240\ccs\tools\compiler\ti-cgt-msp430_21.6.1.LTS\lib\</path>
         <kind>archive</kind>
         <file>rts430x_lc_rd_eabi.lib</file>
         <name>mult16.asm.obj</name>
      </input_file>
      <input_file id="fl-5c">
         <path>C:\ti\ccs1240\ccs\tools\compiler\ti-cgt-msp430_21.6.1.LTS\lib\</path>
         <kind>archive</kind>
         <file>rts430x_lc_rd_eabi.lib</file>
         <name>exit_gvars.c.obj</name>
      </input_file>
      <input_file id="fl-5d">
         <path>C:\ti\ccs1240\ccs\tools\compiler\ti-cgt-msp430_21.6.1.LTS\lib\</path>
         <kind>archive</kind>
         <file>rts430x_lc_rd_eabi.lib</file>
         <name>lsr64.c.obj</name>
      </input_file>
      <input_file id="fl-5e">
         <path>C:\ti\ccs1240\ccs\tools\compiler\ti-cgt-msp430_21.6.1.LTS\lib\</path>
         <kind>archive</kind>
         <file>rts430x_lc_rd_eabi.lib</file>
         <name>div64u.c.obj</name>
      </input_file>
      <input_file id="fl-5f">
         <path>C:\ti\ccs1240\ccs\tools\compiler\ti-cgt-msp430_21.6.1.LTS\lib\</path>
         <kind>archive</kind>
         <file>rts430x_lc_rd_eabi.lib</file>
         <name>addd.c.obj</name>
      </input_file>
      <input_file id="fl-60">
         <path>C:\ti\ccs1240\ccs\tools\compiler\ti-cgt-msp430_21.6.1.LTS\lib\</path>
         <kind>archive</kind>
         <file>rts430x_lc_rd_eabi.lib</file>
         <name>cmpd.c.obj</name>
      </input_file>
      <input_file id="fl-61">
         <path>C:\ti\ccs1240\ccs\tools\compiler\ti-cgt-msp430_21.6.1.LTS\lib\</path>
         <kind>archive</kind>
         <file>rts430x_lc_rd_eabi.lib</file>
         <name>divd.c.obj</name>
      </input_file>
      <input_file id="fl-62">
         <path>C:\ti\ccs1240\ccs\tools\compiler\ti-cgt-msp430_21.6.1.LTS\lib\</path>
         <kind>archive</kind>
         <file>rts430x_lc_rd_eabi.lib</file>
         <name>frcdivd.c.obj</name>
      </input_file>
      <input_file id="fl-63">
         <path>C:\ti\ccs1240\ccs\tools\compiler\ti-cgt-msp430_21.6.1.LTS\lib\</path>
         <kind>archive</kind>
         <file>rts430x_lc_rd_eabi.lib</file>
         <name>frcmpyd.c.obj</name>
      </input_file>
      <input_file id="fl-64">
         <path>C:\ti\ccs1240\ccs\tools\compiler\ti-cgt-msp430_21.6.1.LTS\lib\</path>
         <kind>archive</kind>
         <file>rts430x_lc_rd_eabi.lib</file>
         <name>negd.c.obj</name>
      </input_file>
      <input_file id="fl-65">
         <path>C:\ti\ccs1240\ccs\tools\compiler\ti-cgt-msp430_21.6.1.LTS\lib\</path>
         <kind>archive</kind>
         <file>rts430x_lc_rd_eabi.lib</file>
         <name>subd.c.obj</name>
      </input_file>
      <input_file id="fl-66">
         <path>C:\ti\ccs1240\ccs\tools\compiler\ti-cgt-msp430_21.6.1.LTS\lib\</path>
         <kind>archive</kind>
         <file>rts430x_lc_rd_eabi.lib</file>
         <name>_ltoa.c.obj</name>
      </input_file>
      <input_file id="fl-67">
         <path>C:\ti\ccs1240\ccs\tools\compiler\ti-cgt-msp430_21.6.1.LTS\lib\</path>
         <kind>archive</kind>
         <file>rts430x_lc_rd_eabi.lib</file>
         <name>atoi.c.obj</name>
      </input_file>
      <input_file id="fl-68">
         <path>C:\ti\ccs1240\ccs\tools\compiler\ti-cgt-msp430_21.6.1.LTS\lib\</path>
         <kind>archive</kind>
         <file>rts430x_lc_rd_eabi.lib</file>
         <name>ctype.c.obj</name>
      </input_file>
      <input_file id="fl-69">
         <path>C:\ti\ccs1240\ccs\tools\compiler\ti-cgt-msp430_21.6.1.LTS\lib\</path>
         <kind>archive</kind>
         <file>rts430x_lc_rd_eabi.lib</file>
         <name>memccpy.c.obj</name>
      </input_file>
      <input_file id="fl-6a">
         <path>C:\ti\ccs1240\ccs\tools\compiler\ti-cgt-msp430_21.6.1.LTS\lib\</path>
         <kind>archive</kind>
         <file>rts430x_lc_rd_eabi.lib</file>
         <name>memset.c.obj</name>
      </input_file>
      <input_file id="fl-6b">
         <path>C:\ti\ccs1240\ccs\tools\compiler\ti-cgt-msp430_21.6.1.LTS\lib\</path>
         <kind>archive</kind>
         <file>rts430x_lc_rd_eabi.lib</file>
         <name>strchr.c.obj</name>
      </input_file>
      <input_file id="fl-6c">
         <path>C:\ti\ccs1240\ccs\tools\compiler\ti-cgt-msp430_21.6.1.LTS\lib\</path>
         <kind>archive</kind>
         <file>rts430x_lc_rd_eabi.lib</file>
         <name>strlen.c.obj</name>
      </input_file>
      <input_file id="fl-6d">
         <path>C:\ti\ccs1240\ccs\tools\compiler\ti-cgt-msp430_21.6.1.LTS\lib\</path>
         <kind>archive</kind>
         <file>rts430x_lc_rd_eabi.lib</file>
         <name>toupper.c.obj</name>
      </input_file>
      <input_file id="fl-6e">
         <path>C:\ti\ccs1240\ccs\tools\compiler\ti-cgt-msp430_21.6.1.LTS\lib\</path>
         <kind>archive</kind>
         <file>rts430x_lc_rd_eabi.lib</file>
         <name>abs.c.obj</name>
      </input_file>
      <input_file id="fl-6f">
         <path>C:\ti\ccs1240\ccs\tools\compiler\ti-cgt-msp430_21.6.1.LTS\lib\</path>
         <kind>archive</kind>
         <file>rts430x_lc_rd_eabi.lib</file>
         <name>errno.c.obj</name>
      </input_file>
      <input_file id="fl-70">
         <path>C:\ti\ccs1240\ccs\tools\compiler\ti-cgt-msp430_21.6.1.LTS\lib\</path>
         <kind>archive</kind>
         <file>rts430x_lc_rd_eabi.lib</file>
         <name>asr32.asm.obj</name>
      </input_file>
      <input_file id="fl-71">
         <path>C:\ti\ccs1240\ccs\tools\compiler\ti-cgt-msp430_21.6.1.LTS\lib\</path>
         <kind>archive</kind>
         <file>rts430x_lc_rd_eabi.lib</file>
         <name>div32s.asm.obj</name>
      </input_file>
      <input_file id="fl-72">
         <path>C:\ti\ccs1240\ccs\tools\compiler\ti-cgt-msp430_21.6.1.LTS\lib\</path>
         <kind>archive</kind>
         <file>rts430x_lc_rd_eabi.lib</file>
         <name>mult32.asm.obj</name>
      </input_file>
      <input_file id="fl-73">
         <path>C:\ti\ccs1240\ccs\tools\compiler\ti-cgt-msp430_21.6.1.LTS\lib\</path>
         <kind>archive</kind>
         <file>rts430x_lc_rd_eabi.lib</file>
         <name>mult3264.asm.obj</name>
      </input_file>
      <input_file id="fl-74">
         <path>C:\ti\ccs1240\ccs\tools\compiler\ti-cgt-msp430_21.6.1.LTS\lib\</path>
         <kind>archive</kind>
         <file>rts430x_lc_rd_eabi.lib</file>
         <name>mult64.asm.obj</name>
      </input_file>
      <input_file id="fl-75">
         <path>C:\ti\ccs1240\ccs\tools\compiler\ti-cgt-msp430_21.6.1.LTS\lib\</path>
         <kind>archive</kind>
         <file>rts430x_lc_rd_eabi.lib</file>
         <name>asr64.c.obj</name>
      </input_file>
      <input_file id="fl-76">
         <path>C:\ti\ccs1240\ccs\tools\compiler\ti-cgt-msp430_21.6.1.LTS\lib\</path>
         <kind>archive</kind>
         <file>rts430x_lc_rd_eabi.lib</file>
         <name>lsl64.c.obj</name>
      </input_file>
      <input_file id="fl-77">
         <path>C:\ti\ccs1240\ccs\tools\compiler\ti-cgt-msp430_21.6.1.LTS\lib\</path>
         <kind>archive</kind>
         <file>rts430x_lc_rd_eabi.lib</file>
         <name>mult1632.asm.obj</name>
      </input_file>
   </input_file_list>
   <object_component_list>
      <object_component id="oc-41f">
         <name>.bss:servo</name>
         <uninitialized>true</uninitialized>
         <run_address>0x27f2</run_address>
         <size>0x2</size>
         <input_file_ref idref="fl-2"/>
      </object_component>
      <object_component id="oc-4d9">
         <name>.common:adcVal</name>
         <uninitialized>true</uninitialized>
         <run_address>0x27f4</run_address>
         <size>0x2</size>
      </object_component>
      <object_component id="oc-45d">
         <name>.common:data</name>
         <uninitialized>true</uninitialized>
         <run_address>0x278e</run_address>
         <size>0x64</size>
      </object_component>
      <object_component id="oc-438">
         <name>.data:formato</name>
         <load_address>0x2784</load_address>
         <run_address>0x2784</run_address>
         <size>0x9</size>
         <input_file_ref idref="fl-2"/>
      </object_component>
      <object_component id="oc-441">
         <name>.data:nombre</name>
         <load_address>0x2590</load_address>
         <run_address>0x2590</run_address>
         <size>0x64</size>
         <input_file_ref idref="fl-2"/>
      </object_component>
      <object_component id="oc-444">
         <name>.data:fecha</name>
         <load_address>0x24c8</load_address>
         <run_address>0x24c8</run_address>
         <size>0x64</size>
         <input_file_ref idref="fl-2"/>
      </object_component>
      <object_component id="oc-459">
         <name>.data:baja</name>
         <load_address>0x2464</load_address>
         <run_address>0x2464</run_address>
         <size>0x64</size>
         <input_file_ref idref="fl-2"/>
      </object_component>
      <object_component id="oc-46a">
         <name>.data:media</name>
         <load_address>0x252c</load_address>
         <run_address>0x252c</run_address>
         <size>0x64</size>
         <input_file_ref idref="fl-2"/>
      </object_component>
      <object_component id="oc-470">
         <name>.data:alta</name>
         <load_address>0x2400</load_address>
         <run_address>0x2400</run_address>
         <size>0x64</size>
         <input_file_ref idref="fl-2"/>
      </object_component>
      <object_component id="oc-467">
         <name>.data:notBaja</name>
         <load_address>0x2658</load_address>
         <run_address>0x2658</run_address>
         <size>0x64</size>
         <input_file_ref idref="fl-2"/>
      </object_component>
      <object_component id="oc-46d">
         <name>.data:notMedia</name>
         <load_address>0x26bc</load_address>
         <run_address>0x26bc</run_address>
         <size>0x64</size>
         <input_file_ref idref="fl-2"/>
      </object_component>
      <object_component id="oc-473">
         <name>.data:notAlta</name>
         <load_address>0x25f4</load_address>
         <run_address>0x25f4</run_address>
         <size>0x64</size>
         <input_file_ref idref="fl-2"/>
      </object_component>
      <object_component id="oc-47c">
         <name>.data:voltCero</name>
         <load_address>0x2720</load_address>
         <run_address>0x2720</run_address>
         <size>0x64</size>
         <input_file_ref idref="fl-2"/>
      </object_component>
      <object_component id="oc-36c">
         <name>.stack</name>
         <uninitialized>true</uninitialized>
         <run_address>0x4360</run_address>
         <size>0x4</size>
         <input_file_ref idref="fl-41"/>
      </object_component>
      <object_component id="oc-6c1">
         <name>.stack</name>
         <uninitialized>true</uninitialized>
         <run_address>0x4360</run_address>
         <size>0x0</size>
      </object_component>
      <object_component id="oc-44d">
         <name>.text:__mspabi_mpyd</name>
         <load_address>0x10000</load_address>
         <run_address>0x10000</run_address>
         <size>0x292</size>
         <input_file_ref idref="fl-4e"/>
      </object_component>
      <object_component id="oc-3ed">
         <name>.text:_Z8mensajesv</name>
         <load_address>0x10292</load_address>
         <run_address>0x10292</run_address>
         <size>0x234</size>
         <input_file_ref idref="fl-2"/>
      </object_component>
      <object_component id="oc-4e9">
         <name>.text:__TI_frcmpyd</name>
         <load_address>0x104c6</load_address>
         <run_address>0x104c6</run_address>
         <size>0x164</size>
         <input_file_ref idref="fl-63"/>
      </object_component>
      <object_component id="oc-5a1">
         <name>.text:__TI_printfi_minimal:_setfield___TI_printfi_minimal</name>
         <load_address>0x1062a</load_address>
         <run_address>0x1062a</run_address>
         <size>0x132</size>
         <input_file_ref idref="fl-53"/>
      </object_component>
      <object_component id="oc-517">
         <name>.text:__TI_printfi_minimal:__TI_printfi_minimal</name>
         <load_address>0x1075c</load_address>
         <run_address>0x1075c</run_address>
         <size>0xdc</size>
         <input_file_ref idref="fl-53"/>
      </object_component>
      <object_component id="oc-600">
         <name>.text:__TI_printfi_minimal:_pproc_diouxp___TI_printfi_minimal</name>
         <load_address>0x10838</load_address>
         <run_address>0x10838</run_address>
         <size>0xda</size>
         <input_file_ref idref="fl-53"/>
      </object_component>
      <object_component id="oc-403">
         <name>.text:main</name>
         <load_address>0x10912</load_address>
         <run_address>0x10912</run_address>
         <size>0xbc</size>
         <input_file_ref idref="fl-2"/>
      </object_component>
      <object_component id="oc-4e2">
         <name>.text:__mspabi_fltlid</name>
         <load_address>0x109ce</load_address>
         <run_address>0x109ce</run_address>
         <size>0x9e</size>
         <input_file_ref idref="fl-4d"/>
      </object_component>
      <object_component id="oc-6d">
         <name>.text:decompress:lzss:__TI_decompress_lzss</name>
         <load_address>0x10a6c</load_address>
         <run_address>0x10a6c</run_address>
         <size>0x76</size>
         <input_file_ref idref="fl-49"/>
      </object_component>
      <object_component id="oc-4ae">
         <name>.text:__TI_auto_init_nobinit_hold_wdt:__TI_auto_init_nobinit_hold_wdt</name>
         <load_address>0x10ae2</load_address>
         <run_address>0x10ae2</run_address>
         <size>0x70</size>
         <input_file_ref idref="fl-42"/>
      </object_component>
      <object_component id="oc-4f6">
         <name>.text:__mspabi_fixdli</name>
         <load_address>0x10b52</load_address>
         <run_address>0x10b52</run_address>
         <size>0x66</size>
         <input_file_ref idref="fl-4b"/>
      </object_component>
      <object_component id="oc-57b">
         <name>.text:__mpyll</name>
         <load_address>0x10bb8</load_address>
         <run_address>0x10bb8</run_address>
         <size>0x5c</size>
         <input_file_ref idref="fl-40"/>
      </object_component>
      <object_component id="oc-5a7">
         <name>.text:__TI_printfi_minimal:_pproc_str___TI_printfi_minimal</name>
         <load_address>0x10c14</load_address>
         <run_address>0x10c14</run_address>
         <size>0x48</size>
         <input_file_ref idref="fl-53"/>
      </object_component>
      <object_component id="oc-461">
         <name>.text:sprintf</name>
         <load_address>0x10c5c</load_address>
         <run_address>0x10c5c</run_address>
         <size>0x44</size>
         <input_file_ref idref="fl-24"/>
      </object_component>
      <object_component id="oc-569">
         <name>.text:l_lsl_const</name>
         <load_address>0x10ca0</load_address>
         <run_address>0x10ca0</run_address>
         <size>0x3e</size>
         <input_file_ref idref="fl-59"/>
      </object_component>
      <object_component id="oc-56e">
         <name>.text:l_lsr_const</name>
         <load_address>0x10cde</load_address>
         <run_address>0x10cde</run_address>
         <size>0x3e</size>
         <input_file_ref idref="fl-5a"/>
      </object_component>
      <object_component id="oc-432">
         <name>.text:_Z8movServov</name>
         <load_address>0x10d1c</load_address>
         <run_address>0x10d1c</run_address>
         <size>0x3a</size>
         <input_file_ref idref="fl-2"/>
      </object_component>
      <object_component id="oc-575">
         <name>.text:__mspabi_sllll</name>
         <load_address>0x10d56</load_address>
         <run_address>0x10d56</run_address>
         <size>0x3a</size>
         <input_file_ref idref="fl-76"/>
      </object_component>
      <object_component id="oc-585">
         <name>.text:__mspabi_srlll</name>
         <load_address>0x10d90</load_address>
         <run_address>0x10d90</run_address>
         <size>0x3a</size>
         <input_file_ref idref="fl-5d"/>
      </object_component>
      <object_component id="oc-580">
         <name>.text:__mpyull</name>
         <load_address>0x10dca</load_address>
         <run_address>0x10dca</run_address>
         <size>0x2c</size>
         <input_file_ref idref="fl-3f"/>
      </object_component>
      <object_component id="oc-5bb">
         <name>.text</name>
         <load_address>0x10df6</load_address>
         <run_address>0x10df6</run_address>
         <size>0x2c</size>
         <input_file_ref idref="fl-25"/>
      </object_component>
      <object_component id="oc-453">
         <name>.text:__mspabi_fixdi</name>
         <load_address>0x10e22</load_address>
         <run_address>0x10e22</run_address>
         <size>0x28</size>
         <input_file_ref idref="fl-4a"/>
      </object_component>
      <object_component id="oc-422">
         <name>.text:_ZN5servoC1Ei</name>
         <load_address>0x10e4a</load_address>
         <run_address>0x10e4a</run_address>
         <size>0x26</size>
         <input_file_ref idref="fl-3"/>
      </object_component>
      <object_component id="oc-606">
         <name>.text:memccpy</name>
         <load_address>0x10e70</load_address>
         <run_address>0x10e70</run_address>
         <size>0x26</size>
         <input_file_ref idref="fl-69"/>
      </object_component>
      <object_component id="oc-399">
         <name>.text:decompress:ZI:__TI_zero_init_nomemset:__TI_zero_init_nomemset</name>
         <load_address>0x10e96</load_address>
         <run_address>0x10e96</run_address>
         <size>0x24</size>
         <input_file_ref idref="fl-43"/>
      </object_component>
      <object_component id="oc-50b">
         <name>.text:_outs</name>
         <load_address>0x10eba</load_address>
         <run_address>0x10eba</run_address>
         <size>0x20</size>
         <input_file_ref idref="fl-24"/>
      </object_component>
      <object_component id="oc-476">
         <name>.text:_ZN5servo6anguloEi</name>
         <load_address>0x10eda</load_address>
         <run_address>0x10eda</run_address>
         <size>0x1a</size>
         <input_file_ref idref="fl-3"/>
      </object_component>
      <object_component id="oc-5e2">
         <name>.text</name>
         <load_address>0x10ef4</load_address>
         <run_address>0x10ef4</run_address>
         <size>0x18</size>
         <input_file_ref idref="fl-3c"/>
      </object_component>
      <object_component id="oc-5f9">
         <name>.text:memset</name>
         <load_address>0x10f0c</load_address>
         <run_address>0x10f0c</run_address>
         <size>0x16</size>
         <input_file_ref idref="fl-6a"/>
      </object_component>
      <object_component id="oc-61f">
         <name>.text</name>
         <load_address>0x10f22</load_address>
         <run_address>0x10f22</run_address>
         <size>0x16</size>
         <input_file_ref idref="fl-26"/>
      </object_component>
      <object_component id="oc-43b">
         <name>.text:_Z8sendDataPc</name>
         <load_address>0x10f38</load_address>
         <run_address>0x10f38</run_address>
         <size>0x14</size>
         <input_file_ref idref="fl-2"/>
      </object_component>
      <object_component id="oc-529">
         <name>.text:_ZN5servo12cicloTrabajoEi</name>
         <load_address>0x10f4c</load_address>
         <run_address>0x10f4c</run_address>
         <size>0x14</size>
         <input_file_ref idref="fl-3"/>
      </object_component>
      <object_component id="oc-4d0">
         <name>.text:_ZN5servo9configSelEi</name>
         <load_address>0x10f60</load_address>
         <run_address>0x10f60</run_address>
         <size>0x14</size>
         <input_file_ref idref="fl-3"/>
      </object_component>
      <object_component id="oc-511">
         <name>.text:_outc</name>
         <load_address>0x10f74</load_address>
         <run_address>0x10f74</run_address>
         <size>0x14</size>
         <input_file_ref idref="fl-24"/>
      </object_component>
      <object_component id="oc-37b">
         <name>.text:memcpy</name>
         <load_address>0x10f88</load_address>
         <run_address>0x10f88</run_address>
         <size>0x14</size>
         <input_file_ref idref="fl-52"/>
      </object_component>
      <object_component id="oc-73">
         <name>.text:decompress:none:__TI_decompress_none</name>
         <load_address>0x10f9c</load_address>
         <run_address>0x10f9c</run_address>
         <size>0x12</size>
         <input_file_ref idref="fl-48"/>
      </object_component>
      <object_component id="oc-4ca">
         <name>.text:_ZN5servo7pinModeEii</name>
         <load_address>0x10fae</load_address>
         <run_address>0x10fae</run_address>
         <size>0x10</size>
         <input_file_ref idref="fl-3"/>
      </object_component>
      <object_component id="oc-58e">
         <name>.text:l_lsr</name>
         <load_address>0x10fbe</load_address>
         <run_address>0x10fbe</run_address>
         <size>0x10</size>
         <input_file_ref idref="fl-5a"/>
      </object_component>
      <object_component id="oc-59b">
         <name>.text:strlen</name>
         <load_address>0x10fce</load_address>
         <run_address>0x10fce</run_address>
         <size>0xe</size>
         <input_file_ref idref="fl-6c"/>
      </object_component>
      <object_component id="oc-447">
         <name>.text:__mspabi_fltid</name>
         <load_address>0x10fdc</load_address>
         <run_address>0x10fdc</run_address>
         <size>0xc</size>
         <input_file_ref idref="fl-4c"/>
      </object_component>
      <object_component id="oc-3d5">
         <name>.text:__sti___8_main_cpp_formato</name>
         <load_address>0x10fe8</load_address>
         <run_address>0x10fe8</run_address>
         <size>0xc</size>
         <input_file_ref idref="fl-2"/>
      </object_component>
      <object_component id="oc-484">
         <name>.text:abort</name>
         <load_address>0x10ff4</load_address>
         <run_address>0x10ff4</run_address>
         <size>0x6</size>
         <input_file_ref idref="fl-4f"/>
      </object_component>
      <object_component id="oc-3fd">
         <name>.text:_system_pre_init</name>
         <load_address>0x10ffa</load_address>
         <run_address>0x10ffa</run_address>
         <size>0x4</size>
         <input_file_ref idref="fl-46"/>
      </object_component>
      <object_component id="oc-544">
         <name>.text:_system_post_cinit</name>
         <load_address>0x10ffe</load_address>
         <run_address>0x10ffe</run_address>
         <size>0x2</size>
         <input_file_ref idref="fl-47"/>
      </object_component>
      <object_component id="oc-38d">
         <name>.text:_isr:_Z4ISR2v</name>
         <load_address>0x4400</load_address>
         <run_address>0x4400</run_address>
         <size>0x2e</size>
         <input_file_ref idref="fl-2"/>
      </object_component>
      <object_component id="oc-393">
         <name>.text:_isr:_Z4ISR1v</name>
         <load_address>0x442e</load_address>
         <run_address>0x442e</run_address>
         <size>0x2c</size>
         <input_file_ref idref="fl-2"/>
      </object_component>
      <object_component id="oc-3ab">
         <name>.text:_isr:_c_int00_noargs</name>
         <load_address>0x445a</load_address>
         <run_address>0x445a</run_address>
         <size>0x1c</size>
         <input_file_ref idref="fl-41"/>
      </object_component>
      <object_component id="oc-388">
         <name>.text:_isr:__TI_ISR_TRAP</name>
         <load_address>0x4476</load_address>
         <run_address>0x4476</run_address>
         <size>0x8</size>
         <input_file_ref idref="fl-3b"/>
      </object_component>
      <object_component id="oc-6bf">
         <name>.cinit..data.load</name>
         <load_address>0x44b0</load_address>
         <run_address>0x44b0</run_address>
         <size>0x91</size>
      </object_component>
      <object_component id="oc-6bc">
         <name>__TI_handler_table</name>
         <load_address>0x4542</load_address>
         <run_address>0x4542</run_address>
         <size>0xc</size>
      </object_component>
      <object_component id="oc-6be">
         <name>.cinit..bss.load</name>
         <load_address>0x454e</load_address>
         <run_address>0x454e</run_address>
         <size>0x6</size>
      </object_component>
      <object_component id="oc-6bd">
         <name>__TI_cinit_table</name>
         <load_address>0x4554</load_address>
         <run_address>0x4554</run_address>
         <size>0x10</size>
      </object_component>
      <object_component id="oc-5ff">
         <name>.const:.string</name>
         <load_address>0x4482</load_address>
         <run_address>0x4482</run_address>
         <size>0x26</size>
         <input_file_ref idref="fl-53"/>
      </object_component>
      <object_component id="oc-45c">
         <name>.const:.string</name>
         <load_address>0x44a8</load_address>
         <run_address>0x44a8</run_address>
         <size>0x8</size>
         <input_file_ref idref="fl-2"/>
      </object_component>
      <object_component id="oc-64e">
         <name>.binit</name>
         <load_address>0x4400</load_address>
         <run_address>0x4400</run_address>
         <size>0x0</size>
      </object_component>
      <object_component id="oc-36b">
         <name>.init_array</name>
         <load_address>0x447e</load_address>
         <run_address>0x447e</run_address>
         <size>0x4</size>
         <input_file_ref idref="fl-2"/>
      </object_component>
      <object_component id="oc-6c0">
         <name>__TI_INITARRAY_Limit</name>
         <load_address>0x4482</load_address>
         <run_address>0x4482</run_address>
         <size>0x0</size>
      </object_component>
      <object_component id="oc-79">
         <name>.int41</name>
         <load_address>0xffd2</load_address>
         <run_address>0xffd2</run_address>
         <size>0x2</size>
         <input_file_ref idref="fl-27"/>
      </object_component>
      <object_component id="oc-7a">
         <name>.int42</name>
         <load_address>0xffd4</load_address>
         <run_address>0xffd4</run_address>
         <size>0x2</size>
         <input_file_ref idref="fl-2"/>
      </object_component>
      <object_component id="oc-7b">
         <name>.int43</name>
         <load_address>0xffd6</load_address>
         <run_address>0xffd6</run_address>
         <size>0x2</size>
         <input_file_ref idref="fl-28"/>
      </object_component>
      <object_component id="oc-7c">
         <name>.int44</name>
         <load_address>0xffd8</load_address>
         <run_address>0xffd8</run_address>
         <size>0x2</size>
         <input_file_ref idref="fl-29"/>
      </object_component>
      <object_component id="oc-7d">
         <name>.int45</name>
         <load_address>0xffda</load_address>
         <run_address>0xffda</run_address>
         <size>0x2</size>
         <input_file_ref idref="fl-2a"/>
      </object_component>
      <object_component id="oc-7e">
         <name>.int46</name>
         <load_address>0xffdc</load_address>
         <run_address>0xffdc</run_address>
         <size>0x2</size>
         <input_file_ref idref="fl-2b"/>
      </object_component>
      <object_component id="oc-7f">
         <name>.int47</name>
         <load_address>0xffde</load_address>
         <run_address>0xffde</run_address>
         <size>0x2</size>
         <input_file_ref idref="fl-2"/>
      </object_component>
      <object_component id="oc-80">
         <name>.int48</name>
         <load_address>0xffe0</load_address>
         <run_address>0xffe0</run_address>
         <size>0x2</size>
         <input_file_ref idref="fl-2c"/>
      </object_component>
      <object_component id="oc-81">
         <name>.int49</name>
         <load_address>0xffe2</load_address>
         <run_address>0xffe2</run_address>
         <size>0x2</size>
         <input_file_ref idref="fl-2d"/>
      </object_component>
      <object_component id="oc-82">
         <name>.int50</name>
         <load_address>0xffe4</load_address>
         <run_address>0xffe4</run_address>
         <size>0x2</size>
         <input_file_ref idref="fl-2e"/>
      </object_component>
      <object_component id="oc-83">
         <name>.int51</name>
         <load_address>0xffe6</load_address>
         <run_address>0xffe6</run_address>
         <size>0x2</size>
         <input_file_ref idref="fl-2f"/>
      </object_component>
      <object_component id="oc-84">
         <name>.int52</name>
         <load_address>0xffe8</load_address>
         <run_address>0xffe8</run_address>
         <size>0x2</size>
         <input_file_ref idref="fl-30"/>
      </object_component>
      <object_component id="oc-85">
         <name>.int53</name>
         <load_address>0xffea</load_address>
         <run_address>0xffea</run_address>
         <size>0x2</size>
         <input_file_ref idref="fl-31"/>
      </object_component>
      <object_component id="oc-86">
         <name>.int54</name>
         <load_address>0xffec</load_address>
         <run_address>0xffec</run_address>
         <size>0x2</size>
         <input_file_ref idref="fl-32"/>
      </object_component>
      <object_component id="oc-87">
         <name>.int55</name>
         <load_address>0xffee</load_address>
         <run_address>0xffee</run_address>
         <size>0x2</size>
         <input_file_ref idref="fl-33"/>
      </object_component>
      <object_component id="oc-88">
         <name>.int56</name>
         <load_address>0xfff0</load_address>
         <run_address>0xfff0</run_address>
         <size>0x2</size>
         <input_file_ref idref="fl-34"/>
      </object_component>
      <object_component id="oc-89">
         <name>.int57</name>
         <load_address>0xfff2</load_address>
         <run_address>0xfff2</run_address>
         <size>0x2</size>
         <input_file_ref idref="fl-35"/>
      </object_component>
      <object_component id="oc-8a">
         <name>.int58</name>
         <load_address>0xfff4</load_address>
         <run_address>0xfff4</run_address>
         <size>0x2</size>
         <input_file_ref idref="fl-36"/>
      </object_component>
      <object_component id="oc-8b">
         <name>.int59</name>
         <load_address>0xfff6</load_address>
         <run_address>0xfff6</run_address>
         <size>0x2</size>
         <input_file_ref idref="fl-37"/>
      </object_component>
      <object_component id="oc-8c">
         <name>.int60</name>
         <load_address>0xfff8</load_address>
         <run_address>0xfff8</run_address>
         <size>0x2</size>
         <input_file_ref idref="fl-38"/>
      </object_component>
      <object_component id="oc-8d">
         <name>.int61</name>
         <load_address>0xfffa</load_address>
         <run_address>0xfffa</run_address>
         <size>0x2</size>
         <input_file_ref idref="fl-39"/>
      </object_component>
      <object_component id="oc-8e">
         <name>.int62</name>
         <load_address>0xfffc</load_address>
         <run_address>0xfffc</run_address>
         <size>0x2</size>
         <input_file_ref idref="fl-3a"/>
      </object_component>
      <object_component id="oc-36f">
         <name>.reset</name>
         <load_address>0xfffe</load_address>
         <run_address>0xfffe</run_address>
         <size>0x2</size>
         <input_file_ref idref="fl-41"/>
      </object_component>
      <object_component id="oc-45e">
         <name>.debug_info</name>
         <load_address>0x0</load_address>
         <run_address>0x0</run_address>
         <size>0x742</size>
         <input_file_ref idref="fl-2"/>
      </object_component>
      <object_component id="oc-439">
         <name>.debug_info</name>
         <load_address>0x742</load_address>
         <run_address>0x742</run_address>
         <size>0x101</size>
         <input_file_ref idref="fl-2"/>
      </object_component>
      <object_component id="oc-442">
         <name>.debug_info</name>
         <load_address>0x843</load_address>
         <run_address>0x843</run_address>
         <size>0xff</size>
         <input_file_ref idref="fl-2"/>
      </object_component>
      <object_component id="oc-445">
         <name>.debug_info</name>
         <load_address>0x942</load_address>
         <run_address>0x942</run_address>
         <size>0xfd</size>
         <input_file_ref idref="fl-2"/>
      </object_component>
      <object_component id="oc-45a">
         <name>.debug_info</name>
         <load_address>0xa3f</load_address>
         <run_address>0xa3f</run_address>
         <size>0xfb</size>
         <input_file_ref idref="fl-2"/>
      </object_component>
      <object_component id="oc-46b">
         <name>.debug_info</name>
         <load_address>0xb3a</load_address>
         <run_address>0xb3a</run_address>
         <size>0xfd</size>
         <input_file_ref idref="fl-2"/>
      </object_component>
      <object_component id="oc-471">
         <name>.debug_info</name>
         <load_address>0xc37</load_address>
         <run_address>0xc37</run_address>
         <size>0xfb</size>
         <input_file_ref idref="fl-2"/>
      </object_component>
      <object_component id="oc-468">
         <name>.debug_info</name>
         <load_address>0xd32</load_address>
         <run_address>0xd32</run_address>
         <size>0x101</size>
         <input_file_ref idref="fl-2"/>
      </object_component>
      <object_component id="oc-46e">
         <name>.debug_info</name>
         <load_address>0xe33</load_address>
         <run_address>0xe33</run_address>
         <size>0x103</size>
         <input_file_ref idref="fl-2"/>
      </object_component>
      <object_component id="oc-474">
         <name>.debug_info</name>
         <load_address>0xf36</load_address>
         <run_address>0xf36</run_address>
         <size>0x101</size>
         <input_file_ref idref="fl-2"/>
      </object_component>
      <object_component id="oc-47d">
         <name>.debug_info</name>
         <load_address>0x1037</load_address>
         <run_address>0x1037</run_address>
         <size>0x103</size>
         <input_file_ref idref="fl-2"/>
      </object_component>
      <object_component id="oc-420">
         <name>.debug_info</name>
         <load_address>0x113a</load_address>
         <run_address>0x113a</run_address>
         <size>0xfd</size>
         <input_file_ref idref="fl-2"/>
      </object_component>
      <object_component id="oc-404">
         <name>.debug_info</name>
         <load_address>0x1237</load_address>
         <run_address>0x1237</run_address>
         <size>0x129</size>
         <input_file_ref idref="fl-2"/>
      </object_component>
      <object_component id="oc-3d7">
         <name>.debug_info</name>
         <load_address>0x1360</load_address>
         <run_address>0x1360</run_address>
         <size>0x14a</size>
         <input_file_ref idref="fl-2"/>
      </object_component>
      <object_component id="oc-43d">
         <name>.debug_info</name>
         <load_address>0x14aa</load_address>
         <run_address>0x14aa</run_address>
         <size>0x154</size>
         <input_file_ref idref="fl-2"/>
      </object_component>
      <object_component id="oc-433">
         <name>.debug_info</name>
         <load_address>0x15fe</load_address>
         <run_address>0x15fe</run_address>
         <size>0x152</size>
         <input_file_ref idref="fl-2"/>
      </object_component>
      <object_component id="oc-3ef">
         <name>.debug_info</name>
         <load_address>0x1750</load_address>
         <run_address>0x1750</run_address>
         <size>0x4fd</size>
         <input_file_ref idref="fl-2"/>
      </object_component>
      <object_component id="oc-390">
         <name>.debug_info</name>
         <load_address>0x1c4d</load_address>
         <run_address>0x1c4d</run_address>
         <size>0x141</size>
         <input_file_ref idref="fl-2"/>
      </object_component>
      <object_component id="oc-396">
         <name>.debug_info</name>
         <load_address>0x1d8e</load_address>
         <run_address>0x1d8e</run_address>
         <size>0x141</size>
         <input_file_ref idref="fl-2"/>
      </object_component>
      <object_component id="oc-376">
         <name>.debug_info</name>
         <load_address>0x1ecf</load_address>
         <run_address>0x1ecf</run_address>
         <size>0x84</size>
         <input_file_ref idref="fl-2"/>
      </object_component>
      <object_component id="oc-594">
         <name>.debug_info</name>
         <load_address>0x1f53</load_address>
         <run_address>0x1f53</run_address>
         <size>0x282</size>
         <input_file_ref idref="fl-2"/>
      </object_component>
      <object_component id="oc-501">
         <name>.debug_info</name>
         <load_address>0x21d5</load_address>
         <run_address>0x21d5</run_address>
         <size>0x2a1</size>
         <input_file_ref idref="fl-2"/>
      </object_component>
      <object_component id="oc-506">
         <name>.debug_info</name>
         <load_address>0x2476</load_address>
         <run_address>0x2476</run_address>
         <size>0x10b</size>
         <input_file_ref idref="fl-2"/>
      </object_component>
      <object_component id="oc-4c5">
         <name>.debug_info</name>
         <load_address>0x2581</load_address>
         <run_address>0x2581</run_address>
         <size>0x128</size>
         <input_file_ref idref="fl-2"/>
      </object_component>
      <object_component id="oc-4d7">
         <name>.debug_info</name>
         <load_address>0x26a9</load_address>
         <run_address>0x26a9</run_address>
         <size>0x2d7</size>
         <input_file_ref idref="fl-3"/>
      </object_component>
      <object_component id="oc-4cc">
         <name>.debug_info</name>
         <load_address>0x2980</load_address>
         <run_address>0x2980</run_address>
         <size>0x18f</size>
         <input_file_ref idref="fl-3"/>
      </object_component>
      <object_component id="oc-4d3">
         <name>.debug_info</name>
         <load_address>0x2b0f</load_address>
         <run_address>0x2b0f</run_address>
         <size>0x170</size>
         <input_file_ref idref="fl-3"/>
      </object_component>
      <object_component id="oc-423">
         <name>.debug_info</name>
         <load_address>0x2c7f</load_address>
         <run_address>0x2c7f</run_address>
         <size>0x1ac</size>
         <input_file_ref idref="fl-3"/>
      </object_component>
      <object_component id="oc-52c">
         <name>.debug_info</name>
         <load_address>0x2e2b</load_address>
         <run_address>0x2e2b</run_address>
         <size>0x236</size>
         <input_file_ref idref="fl-3"/>
      </object_component>
      <object_component id="oc-477">
         <name>.debug_info</name>
         <load_address>0x3061</load_address>
         <run_address>0x3061</run_address>
         <size>0x1a7</size>
         <input_file_ref idref="fl-3"/>
      </object_component>
      <object_component id="oc-51e">
         <name>.debug_info</name>
         <load_address>0x3208</load_address>
         <run_address>0x3208</run_address>
         <size>0x229</size>
         <input_file_ref idref="fl-24"/>
      </object_component>
      <object_component id="oc-462">
         <name>.debug_info</name>
         <load_address>0x3431</load_address>
         <run_address>0x3431</run_address>
         <size>0x1c2</size>
         <input_file_ref idref="fl-24"/>
      </object_component>
      <object_component id="oc-50c">
         <name>.debug_info</name>
         <load_address>0x35f3</load_address>
         <run_address>0x35f3</run_address>
         <size>0x198</size>
         <input_file_ref idref="fl-24"/>
      </object_component>
      <object_component id="oc-512">
         <name>.debug_info</name>
         <load_address>0x378b</load_address>
         <run_address>0x378b</run_address>
         <size>0x16d</size>
         <input_file_ref idref="fl-24"/>
      </object_component>
      <object_component id="oc-610">
         <name>.debug_info</name>
         <load_address>0x38f8</load_address>
         <run_address>0x38f8</run_address>
         <size>0x2c</size>
         <input_file_ref idref="fl-24"/>
      </object_component>
      <object_component id="oc-61a">
         <name>.debug_info</name>
         <load_address>0x3924</load_address>
         <run_address>0x3924</run_address>
         <size>0x2c</size>
         <input_file_ref idref="fl-24"/>
      </object_component>
      <object_component id="oc-5af">
         <name>.debug_info</name>
         <load_address>0x3950</load_address>
         <run_address>0x3950</run_address>
         <size>0x2c</size>
         <input_file_ref idref="fl-24"/>
      </object_component>
      <object_component id="oc-5bc">
         <name>.debug_info</name>
         <load_address>0x397c</load_address>
         <run_address>0x397c</run_address>
         <size>0x135</size>
         <input_file_ref idref="fl-25"/>
      </object_component>
      <object_component id="oc-620">
         <name>.debug_info</name>
         <load_address>0x3ab1</load_address>
         <run_address>0x3ab1</run_address>
         <size>0x121</size>
         <input_file_ref idref="fl-26"/>
      </object_component>
      <object_component id="oc-38b">
         <name>.debug_info</name>
         <load_address>0x3bd2</load_address>
         <run_address>0x3bd2</run_address>
         <size>0x10f</size>
         <input_file_ref idref="fl-3b"/>
      </object_component>
      <object_component id="oc-5e5">
         <name>.debug_info</name>
         <load_address>0x3ce1</load_address>
         <run_address>0x3ce1</run_address>
         <size>0x130</size>
         <input_file_ref idref="fl-3c"/>
      </object_component>
      <object_component id="oc-582">
         <name>.debug_info</name>
         <load_address>0x3e11</load_address>
         <run_address>0x3e11</run_address>
         <size>0x136</size>
         <input_file_ref idref="fl-3f"/>
      </object_component>
      <object_component id="oc-57e">
         <name>.debug_info</name>
         <load_address>0x3f47</load_address>
         <run_address>0x3f47</run_address>
         <size>0x132</size>
         <input_file_ref idref="fl-40"/>
      </object_component>
      <object_component id="oc-36d">
         <name>.debug_info</name>
         <load_address>0x4079</load_address>
         <run_address>0x4079</run_address>
         <size>0x100</size>
         <input_file_ref idref="fl-41"/>
      </object_component>
      <object_component id="oc-3ac">
         <name>.debug_info</name>
         <load_address>0x4179</load_address>
         <run_address>0x4179</run_address>
         <size>0x17a</size>
         <input_file_ref idref="fl-41"/>
      </object_component>
      <object_component id="oc-54b">
         <name>.debug_info</name>
         <load_address>0x42f3</load_address>
         <run_address>0x42f3</run_address>
         <size>0x3fc</size>
         <input_file_ref idref="fl-42"/>
      </object_component>
      <object_component id="oc-4b0">
         <name>.debug_info</name>
         <load_address>0x46ef</load_address>
         <run_address>0x46ef</run_address>
         <size>0x227</size>
         <input_file_ref idref="fl-42"/>
      </object_component>
      <object_component id="oc-5d8">
         <name>.debug_info</name>
         <load_address>0x4916</load_address>
         <run_address>0x4916</run_address>
         <size>0x39</size>
         <input_file_ref idref="fl-42"/>
      </object_component>
      <object_component id="oc-5e9">
         <name>.debug_info</name>
         <load_address>0x494f</load_address>
         <run_address>0x494f</run_address>
         <size>0x2c</size>
         <input_file_ref idref="fl-42"/>
      </object_component>
      <object_component id="oc-556">
         <name>.debug_info</name>
         <load_address>0x497b</load_address>
         <run_address>0x497b</run_address>
         <size>0x2c</size>
         <input_file_ref idref="fl-42"/>
      </object_component>
      <object_component id="oc-5dd">
         <name>.debug_info</name>
         <load_address>0x49a7</load_address>
         <run_address>0x49a7</run_address>
         <size>0xcd</size>
         <input_file_ref idref="fl-42"/>
      </object_component>
      <object_component id="oc-3fb">
         <name>.debug_info</name>
         <load_address>0x4a74</load_address>
         <run_address>0x4a74</run_address>
         <size>0x17f</size>
         <input_file_ref idref="fl-43"/>
      </object_component>
      <object_component id="oc-39b">
         <name>.debug_info</name>
         <load_address>0x4bf3</load_address>
         <run_address>0x4bf3</run_address>
         <size>0x1d7</size>
         <input_file_ref idref="fl-43"/>
      </object_component>
      <object_component id="oc-3f6">
         <name>.debug_info</name>
         <load_address>0x4dca</load_address>
         <run_address>0x4dca</run_address>
         <size>0x46</size>
         <input_file_ref idref="fl-43"/>
      </object_component>
      <object_component id="oc-3e5">
         <name>.debug_info</name>
         <load_address>0x4e10</load_address>
         <run_address>0x4e10</run_address>
         <size>0x2c</size>
         <input_file_ref idref="fl-44"/>
      </object_component>
      <object_component id="oc-3fe">
         <name>.debug_info</name>
         <load_address>0x4e3c</load_address>
         <run_address>0x4e3c</run_address>
         <size>0x153</size>
         <input_file_ref idref="fl-46"/>
      </object_component>
      <object_component id="oc-545">
         <name>.debug_info</name>
         <load_address>0x4f8f</load_address>
         <run_address>0x4f8f</run_address>
         <size>0x150</size>
         <input_file_ref idref="fl-47"/>
      </object_component>
      <object_component id="oc-387">
         <name>.debug_info</name>
         <load_address>0x50df</load_address>
         <run_address>0x50df</run_address>
         <size>0x18f</size>
         <input_file_ref idref="fl-48"/>
      </object_component>
      <object_component id="oc-77">
         <name>.debug_info</name>
         <load_address>0x526e</load_address>
         <run_address>0x526e</run_address>
         <size>0x1d3</size>
         <input_file_ref idref="fl-48"/>
      </object_component>
      <object_component id="oc-382">
         <name>.debug_info</name>
         <load_address>0x5441</load_address>
         <run_address>0x5441</run_address>
         <size>0x46</size>
         <input_file_ref idref="fl-48"/>
      </object_component>
      <object_component id="oc-3e2">
         <name>.debug_info</name>
         <load_address>0x5487</load_address>
         <run_address>0x5487</run_address>
         <size>0x17b</size>
         <input_file_ref idref="fl-49"/>
      </object_component>
      <object_component id="oc-71">
         <name>.debug_info</name>
         <load_address>0x5602</load_address>
         <run_address>0x5602</run_address>
         <size>0x250</size>
         <input_file_ref idref="fl-49"/>
      </object_component>
      <object_component id="oc-371">
         <name>.debug_info</name>
         <load_address>0x5852</load_address>
         <run_address>0x5852</run_address>
         <size>0x60</size>
         <input_file_ref idref="fl-49"/>
      </object_component>
      <object_component id="oc-429">
         <name>.debug_info</name>
         <load_address>0x58b2</load_address>
         <run_address>0x58b2</run_address>
         <size>0x46</size>
         <input_file_ref idref="fl-49"/>
      </object_component>
      <object_component id="oc-3dd">
         <name>.debug_info</name>
         <load_address>0x58f8</load_address>
         <run_address>0x58f8</run_address>
         <size>0x39</size>
         <input_file_ref idref="fl-49"/>
      </object_component>
      <object_component id="oc-455">
         <name>.debug_info</name>
         <load_address>0x5931</load_address>
         <run_address>0x5931</run_address>
         <size>0x17c</size>
         <input_file_ref idref="fl-4a"/>
      </object_component>
      <object_component id="oc-4f7">
         <name>.debug_info</name>
         <load_address>0x5aad</load_address>
         <run_address>0x5aad</run_address>
         <size>0x1b0</size>
         <input_file_ref idref="fl-4b"/>
      </object_component>
      <object_component id="oc-4f1">
         <name>.debug_info</name>
         <load_address>0x5c5d</load_address>
         <run_address>0x5c5d</run_address>
         <size>0x94</size>
         <input_file_ref idref="fl-4b"/>
      </object_component>
      <object_component id="oc-448">
         <name>.debug_info</name>
         <load_address>0x5cf1</load_address>
         <run_address>0x5cf1</run_address>
         <size>0x166</size>
         <input_file_ref idref="fl-4c"/>
      </object_component>
      <object_component id="oc-574">
         <name>.debug_info</name>
         <load_address>0x5e57</load_address>
         <run_address>0x5e57</run_address>
         <size>0x175</size>
         <input_file_ref idref="fl-4d"/>
      </object_component>
      <object_component id="oc-4e4">
         <name>.debug_info</name>
         <load_address>0x5fcc</load_address>
         <run_address>0x5fcc</run_address>
         <size>0x1f3</size>
         <input_file_ref idref="fl-4d"/>
      </object_component>
      <object_component id="oc-4f0">
         <name>.debug_info</name>
         <load_address>0x61bf</load_address>
         <run_address>0x61bf</run_address>
         <size>0x19c</size>
         <input_file_ref idref="fl-4e"/>
      </object_component>
      <object_component id="oc-44f">
         <name>.debug_info</name>
         <load_address>0x635b</load_address>
         <run_address>0x635b</run_address>
         <size>0x295</size>
         <input_file_ref idref="fl-4e"/>
      </object_component>
      <object_component id="oc-486">
         <name>.debug_info</name>
         <load_address>0x65f0</load_address>
         <run_address>0x65f0</run_address>
         <size>0x122</size>
         <input_file_ref idref="fl-4f"/>
      </object_component>
      <object_component id="oc-3e4">
         <name>.debug_info</name>
         <load_address>0x6712</load_address>
         <run_address>0x6712</run_address>
         <size>0x19a</size>
         <input_file_ref idref="fl-52"/>
      </object_component>
      <object_component id="oc-37d">
         <name>.debug_info</name>
         <load_address>0x68ac</load_address>
         <run_address>0x68ac</run_address>
         <size>0x17a</size>
         <input_file_ref idref="fl-52"/>
      </object_component>
      <object_component id="oc-5ae">
         <name>.debug_info</name>
         <load_address>0x6a26</load_address>
         <run_address>0x6a26</run_address>
         <size>0x49d</size>
         <input_file_ref idref="fl-53"/>
      </object_component>
      <object_component id="oc-601">
         <name>.debug_info</name>
         <load_address>0x6ec3</load_address>
         <run_address>0x6ec3</run_address>
         <size>0x2d3</size>
         <input_file_ref idref="fl-53"/>
      </object_component>
      <object_component id="oc-5a2">
         <name>.debug_info</name>
         <load_address>0x7196</load_address>
         <run_address>0x7196</run_address>
         <size>0x2dc</size>
         <input_file_ref idref="fl-53"/>
      </object_component>
      <object_component id="oc-5a8">
         <name>.debug_info</name>
         <load_address>0x7472</load_address>
         <run_address>0x7472</run_address>
         <size>0x264</size>
         <input_file_ref idref="fl-53"/>
      </object_component>
      <object_component id="oc-518">
         <name>.debug_info</name>
         <load_address>0x76d6</load_address>
         <run_address>0x76d6</run_address>
         <size>0x30f</size>
         <input_file_ref idref="fl-53"/>
      </object_component>
      <object_component id="oc-5b4">
         <name>.debug_info</name>
         <load_address>0x79e5</load_address>
         <run_address>0x79e5</run_address>
         <size>0x86</size>
         <input_file_ref idref="fl-53"/>
      </object_component>
      <object_component id="oc-637">
         <name>.debug_info</name>
         <load_address>0x7a6b</load_address>
         <run_address>0x7a6b</run_address>
         <size>0xa1</size>
         <input_file_ref idref="fl-53"/>
      </object_component>
      <object_component id="oc-615">
         <name>.debug_info</name>
         <load_address>0x7b0c</load_address>
         <run_address>0x7b0c</run_address>
         <size>0x39</size>
         <input_file_ref idref="fl-53"/>
      </object_component>
      <object_component id="oc-648">
         <name>.debug_info</name>
         <load_address>0x7b45</load_address>
         <run_address>0x7b45</run_address>
         <size>0x7a</size>
         <input_file_ref idref="fl-53"/>
      </object_component>
      <object_component id="oc-641">
         <name>.debug_info</name>
         <load_address>0x7bbf</load_address>
         <run_address>0x7bbf</run_address>
         <size>0x46</size>
         <input_file_ref idref="fl-53"/>
      </object_component>
      <object_component id="oc-56a">
         <name>.debug_info</name>
         <load_address>0x7c05</load_address>
         <run_address>0x7c05</run_address>
         <size>0x126</size>
         <input_file_ref idref="fl-59"/>
      </object_component>
      <object_component id="oc-590">
         <name>.debug_info</name>
         <load_address>0x7d2b</load_address>
         <run_address>0x7d2b</run_address>
         <size>0x120</size>
         <input_file_ref idref="fl-5a"/>
      </object_component>
      <object_component id="oc-56f">
         <name>.debug_info</name>
         <load_address>0x7e4b</load_address>
         <run_address>0x7e4b</run_address>
         <size>0x126</size>
         <input_file_ref idref="fl-5a"/>
      </object_component>
      <object_component id="oc-589">
         <name>.debug_info</name>
         <load_address>0x7f71</load_address>
         <run_address>0x7f71</run_address>
         <size>0x188</size>
         <input_file_ref idref="fl-5d"/>
      </object_component>
      <object_component id="oc-4ea">
         <name>.debug_info</name>
         <load_address>0x80f9</load_address>
         <run_address>0x80f9</run_address>
         <size>0x244</size>
         <input_file_ref idref="fl-63"/>
      </object_component>
      <object_component id="oc-63d">
         <name>.debug_info</name>
         <load_address>0x833d</load_address>
         <run_address>0x833d</run_address>
         <size>0x18e</size>
         <input_file_ref idref="fl-69"/>
      </object_component>
      <object_component id="oc-60a">
         <name>.debug_info</name>
         <load_address>0x84cb</load_address>
         <run_address>0x84cb</run_address>
         <size>0x1b8</size>
         <input_file_ref idref="fl-69"/>
      </object_component>
      <object_component id="oc-635">
         <name>.debug_info</name>
         <load_address>0x8683</load_address>
         <run_address>0x8683</run_address>
         <size>0x177</size>
         <input_file_ref idref="fl-6a"/>
      </object_component>
      <object_component id="oc-5fa">
         <name>.debug_info</name>
         <load_address>0x87fa</load_address>
         <run_address>0x87fa</run_address>
         <size>0x275</size>
         <input_file_ref idref="fl-6a"/>
      </object_component>
      <object_component id="oc-5f8">
         <name>.debug_info</name>
         <load_address>0x8a6f</load_address>
         <run_address>0x8a6f</run_address>
         <size>0x167</size>
         <input_file_ref idref="fl-6c"/>
      </object_component>
      <object_component id="oc-59c">
         <name>.debug_info</name>
         <load_address>0x8bd6</load_address>
         <run_address>0x8bd6</run_address>
         <size>0x230</size>
         <input_file_ref idref="fl-6c"/>
      </object_component>
      <object_component id="oc-576">
         <name>.debug_info</name>
         <load_address>0x8e06</load_address>
         <run_address>0x8e06</run_address>
         <size>0x188</size>
         <input_file_ref idref="fl-76"/>
      </object_component>
      <object_component id="oc-6c4">
         <name>.debug_info</name>
         <load_address>0x8f8e</load_address>
         <run_address>0x8f8e</run_address>
         <size>0xd0</size>
      </object_component>
      <object_component id="oc-500">
         <name>.debug_line</name>
         <load_address>0x0</load_address>
         <run_address>0x0</run_address>
         <size>0x11e</size>
         <input_file_ref idref="fl-2"/>
      </object_component>
      <object_component id="oc-4dc">
         <name>.debug_line</name>
         <load_address>0x11e</load_address>
         <run_address>0x11e</run_address>
         <size>0x2f</size>
         <input_file_ref idref="fl-2"/>
      </object_component>
      <object_component id="oc-4df">
         <name>.debug_line</name>
         <load_address>0x14d</load_address>
         <run_address>0x14d</run_address>
         <size>0x2f</size>
         <input_file_ref idref="fl-2"/>
      </object_component>
      <object_component id="oc-4e1">
         <name>.debug_line</name>
         <load_address>0x17c</load_address>
         <run_address>0x17c</run_address>
         <size>0x2f</size>
         <input_file_ref idref="fl-2"/>
      </object_component>
      <object_component id="oc-4fe">
         <name>.debug_line</name>
         <load_address>0x1ab</load_address>
         <run_address>0x1ab</run_address>
         <size>0x2f</size>
         <input_file_ref idref="fl-2"/>
      </object_component>
      <object_component id="oc-522">
         <name>.debug_line</name>
         <load_address>0x1da</load_address>
         <run_address>0x1da</run_address>
         <size>0x2f</size>
         <input_file_ref idref="fl-2"/>
      </object_component>
      <object_component id="oc-526">
         <name>.debug_line</name>
         <load_address>0x209</load_address>
         <run_address>0x209</run_address>
         <size>0x2f</size>
         <input_file_ref idref="fl-2"/>
      </object_component>
      <object_component id="oc-520">
         <name>.debug_line</name>
         <load_address>0x238</load_address>
         <run_address>0x238</run_address>
         <size>0x2f</size>
         <input_file_ref idref="fl-2"/>
      </object_component>
      <object_component id="oc-524">
         <name>.debug_line</name>
         <load_address>0x267</load_address>
         <run_address>0x267</run_address>
         <size>0x2f</size>
         <input_file_ref idref="fl-2"/>
      </object_component>
      <object_component id="oc-528">
         <name>.debug_line</name>
         <load_address>0x296</load_address>
         <run_address>0x296</run_address>
         <size>0x2f</size>
         <input_file_ref idref="fl-2"/>
      </object_component>
      <object_component id="oc-531">
         <name>.debug_line</name>
         <load_address>0x2c5</load_address>
         <run_address>0x2c5</run_address>
         <size>0x2f</size>
         <input_file_ref idref="fl-2"/>
      </object_component>
      <object_component id="oc-4c4">
         <name>.debug_line</name>
         <load_address>0x2f4</load_address>
         <run_address>0x2f4</run_address>
         <size>0x2f</size>
         <input_file_ref idref="fl-2"/>
      </object_component>
      <object_component id="oc-407">
         <name>.debug_line</name>
         <load_address>0x323</load_address>
         <run_address>0x323</run_address>
         <size>0x66</size>
         <input_file_ref idref="fl-2"/>
      </object_component>
      <object_component id="oc-3da">
         <name>.debug_line</name>
         <load_address>0x389</load_address>
         <run_address>0x389</run_address>
         <size>0x3c</size>
         <input_file_ref idref="fl-2"/>
      </object_component>
      <object_component id="oc-43c">
         <name>.debug_line</name>
         <load_address>0x3c5</load_address>
         <run_address>0x3c5</run_address>
         <size>0x4e</size>
         <input_file_ref idref="fl-2"/>
      </object_component>
      <object_component id="oc-436">
         <name>.debug_line</name>
         <load_address>0x413</load_address>
         <run_address>0x413</run_address>
         <size>0x4f</size>
         <input_file_ref idref="fl-2"/>
      </object_component>
      <object_component id="oc-3f2">
         <name>.debug_line</name>
         <load_address>0x462</load_address>
         <run_address>0x462</run_address>
         <size>0x9b</size>
         <input_file_ref idref="fl-2"/>
      </object_component>
      <object_component id="oc-38e">
         <name>.debug_line</name>
         <load_address>0x4fd</load_address>
         <run_address>0x4fd</run_address>
         <size>0x49</size>
         <input_file_ref idref="fl-2"/>
      </object_component>
      <object_component id="oc-394">
         <name>.debug_line</name>
         <load_address>0x546</load_address>
         <run_address>0x546</run_address>
         <size>0x48</size>
         <input_file_ref idref="fl-2"/>
      </object_component>
      <object_component id="oc-379">
         <name>.debug_line</name>
         <load_address>0x58e</load_address>
         <run_address>0x58e</run_address>
         <size>0x20</size>
         <input_file_ref idref="fl-2"/>
      </object_component>
      <object_component id="oc-597">
         <name>.debug_line</name>
         <load_address>0x5ae</load_address>
         <run_address>0x5ae</run_address>
         <size>0x76</size>
         <input_file_ref idref="fl-2"/>
      </object_component>
      <object_component id="oc-504">
         <name>.debug_line</name>
         <load_address>0x624</load_address>
         <run_address>0x624</run_address>
         <size>0x72</size>
         <input_file_ref idref="fl-2"/>
      </object_component>
      <object_component id="oc-509">
         <name>.debug_line</name>
         <load_address>0x696</load_address>
         <run_address>0x696</run_address>
         <size>0x6d</size>
         <input_file_ref idref="fl-2"/>
      </object_component>
      <object_component id="oc-4c8">
         <name>.debug_line</name>
         <load_address>0x703</load_address>
         <run_address>0x703</run_address>
         <size>0x87</size>
         <input_file_ref idref="fl-2"/>
      </object_component>
      <object_component id="oc-568">
         <name>.debug_line</name>
         <load_address>0x78a</load_address>
         <run_address>0x78a</run_address>
         <size>0x5b</size>
         <input_file_ref idref="fl-3"/>
      </object_component>
      <object_component id="oc-4cf">
         <name>.debug_line</name>
         <load_address>0x7e5</load_address>
         <run_address>0x7e5</run_address>
         <size>0x47</size>
         <input_file_ref idref="fl-3"/>
      </object_component>
      <object_component id="oc-4d1">
         <name>.debug_line</name>
         <load_address>0x82c</load_address>
         <run_address>0x82c</run_address>
         <size>0x4a</size>
         <input_file_ref idref="fl-3"/>
      </object_component>
      <object_component id="oc-426">
         <name>.debug_line</name>
         <load_address>0x876</load_address>
         <run_address>0x876</run_address>
         <size>0x4a</size>
         <input_file_ref idref="fl-3"/>
      </object_component>
[...]
         <name>WDTCTL_L</name>
         <value>0x15c</value>
      </symbol>
      <symbol id="sm-2da">
         <name>WDTCTL_H</name>
         <value>0x15d</value>
      </symbol>
      <symbol id="sm-2db">
         <name>__TI_CINIT_Base</name>
         <value>0x4554</value>
      </symbol>
      <symbol id="sm-2dc">
         <name>__TI_CINIT_Limit</name>
         <value>0x4564</value>
      </symbol>
      <symbol id="sm-2dd">
         <name>__TI_CINIT_Warm</name>
         <value>0x4564</value>
      </symbol>
      <symbol id="sm-2de">
         <name>__TI_Handler_Table_Base</name>
         <value>0x4542</value>
      </symbol>
      <symbol id="sm-2df">
         <name>__TI_Handler_Table_Limit</name>
         <value>0x454e</value>
      </symbol>
      <symbol id="sm-2e0">
         <name>__TI_INITARRAY_Base</name>
         <value>0x447e</value>
      </symbol>
      <symbol id="sm-2e1">
         <name>__TI_INITARRAY_Limit</name>
         <value>0x4482</value>
      </symbol>
      <symbol id="sm-2e2">
         <name>__STACK_SIZE</name>
         <value>0xa0</value>
      </symbol>
      <symbol id="sm-2e3">
         <name>__STACK_END</name>
         <value>0x4400</value>
      </symbol>
      <symbol id="sm-2e4">
         <name>__c_args__</name>
         <value>0xffffffff</value>
      </symbol>
      <symbol id="sm-2e5">
         <name>__TI_pprof_out_hndl</name>
         <value>0xffffffff</value>
      </symbol>
      <symbol id="sm-2e6">
         <name>__TI_prof_data_start</name>
         <value>0xffffffff</value>
      </symbol>
      <symbol id="sm-2e7">
         <name>__TI_prof_data_size</name>
         <value>0xffffffff</value>
      </symbol>
      <symbol id="sm-3e1">
         <name>adcVal</name>
         <value>0x27f4</value>
      </symbol>
      <symbol id="sm-3e2">
         <name>data</name>
         <value>0x278e</value>
      </symbol>
      <symbol id="sm-3e3">
         <name>fecha</name>
         <value>0x24c8</value>
         <object_component_ref idref="oc-444"/>
      </symbol>
      <symbol id="sm-3e4">
         <name>formato</name>
         <value>0x2784</value>
         <object_component_ref idref="oc-438"/>
      </symbol>
      <symbol id="sm-3e5">
         <name>_Z8mensajesv</name>
         <value>0x10292</value>
         <object_component_ref idref="oc-3ed"/>
      </symbol>
      <symbol id="sm-3e6">
         <name>servo</name>
         <value>0x27f2</value>
         <object_component_ref idref="oc-41f"/>
      </symbol>
      <symbol id="sm-3e7">
         <name>__TI_int47</name>
         <value>0xffde</value>
         <object_component_ref idref="oc-7f"/>
      </symbol>
      <symbol id="sm-3e8">
         <name>__TI_int42</name>
         <value>0xffd4</value>
         <object_component_ref idref="oc-7a"/>
      </symbol>
      <symbol id="sm-3e9">
         <name>alta</name>
         <value>0x2400</value>
         <object_component_ref idref="oc-470"/>
      </symbol>
      <symbol id="sm-3ea">
         <name>media</name>
         <value>0x252c</value>
         <object_component_ref idref="oc-46a"/>
      </symbol>
      <symbol id="sm-3eb">
         <name>baja</name>
         <value>0x2464</value>
         <object_component_ref idref="oc-459"/>
      </symbol>
      <symbol id="sm-3ec">
         <name>notMedia</name>
         <value>0x26bc</value>
         <object_component_ref idref="oc-46d"/>
      </symbol>
      <symbol id="sm-3ed">
         <name>_Z4ISR1v</name>
         <value>0x442e</value>
         <object_component_ref idref="oc-393"/>
      </symbol>
      <symbol id="sm-3ee">
         <name>_Z4ISR2v</name>
         <value>0x4400</value>
         <object_component_ref idref="oc-38d"/>
      </symbol>
      <symbol id="sm-3ef">
         <name>nombre</name>
         <value>0x2590</value>
         <object_component_ref idref="oc-441"/>
      </symbol>
      <symbol id="sm-3f0">
         <name>voltCero</name>
         <value>0x2720</value>
         <object_component_ref idref="oc-47c"/>
      </symbol>
      <symbol id="sm-3f1">
         <name>main</name>
         <value>0x10912</value>
         <object_component_ref idref="oc-403"/>
      </symbol>
      <symbol id="sm-3f2">
         <name>__sti___8_main_cpp_formato</name>
         <value>0x10fe8</value>
         <object_component_ref idref="oc-3d5"/>
      </symbol>
      <symbol id="sm-3f3">
         <name>_Z8sendDataPc</name>
         <value>0x10f38</value>
         <object_component_ref idref="oc-43b"/>
      </symbol>
      <symbol id="sm-3f4">
         <name>_Z8movServov</name>
         <value>0x10d1c</value>
         <object_component_ref idref="oc-432"/>
      </symbol>
      <symbol id="sm-3f5">
         <name>notBaja</name>
         <value>0x2658</value>
         <object_component_ref idref="oc-467"/>
      </symbol>
      <symbol id="sm-3f6">
         <name>notAlta</name>
         <value>0x25f4</value>
         <object_component_ref idref="oc-473"/>
      </symbol>
      <symbol id="sm-425">
         <name>_ZN5servoC2Ei</name>
         <value>0x10e4a</value>
         <object_component_ref idref="oc-422"/>
      </symbol>
      <symbol id="sm-426">
         <name>_ZN5servoC1Ei</name>
         <value>0x10e4a</value>
         <object_component_ref idref="oc-422"/>
      </symbol>
      <symbol id="sm-427">
         <name>_ZN5servo12cicloTrabajoEi</name>
         <value>0x10f4c</value>
         <object_component_ref idref="oc-529"/>
      </symbol>
      <symbol id="sm-428">
         <name>_ZN5servo7pinModeEii</name>
         <value>0x10fae</value>
         <object_component_ref idref="oc-4ca"/>
      </symbol>
      <symbol id="sm-429">
         <name>_ZN5servo9configSelEi</name>
         <value>0x10f60</value>
         <object_component_ref idref="oc-4d0"/>
      </symbol>
      <symbol id="sm-42a">
         <name>_ZN5servo6anguloEi</name>
         <value>0x10eda</value>
         <object_component_ref idref="oc-476"/>
      </symbol>
      <symbol id="sm-455">
         <name>sprintf</name>
         <value>0x10c5c</value>
         <object_component_ref idref="oc-461"/>
      </symbol>
      <symbol id="sm-461">
         <name>__mspabi_remi</name>
         <value>0x10df6</value>
         <object_component_ref idref="oc-5bb"/>
      </symbol>
      <symbol id="sm-462">
         <name>__mspabi_divi</name>
         <value>0x10df6</value>
         <object_component_ref idref="oc-5bb"/>
      </symbol>
      <symbol id="sm-46c">
         <name>__mspabi_remu</name>
         <value>0x10f22</value>
         <object_component_ref idref="oc-61f"/>
      </symbol>
      <symbol id="sm-46d">
         <name>__mspabi_divu</name>
         <value>0x10f22</value>
         <object_component_ref idref="oc-61f"/>
      </symbol>
      <symbol id="sm-470">
         <name>__TI_int41</name>
         <value>0xffd2</value>
         <object_component_ref idref="oc-79"/>
      </symbol>
      <symbol id="sm-473">
         <name>__TI_int43</name>
         <value>0xffd6</value>
         <object_component_ref idref="oc-7b"/>
      </symbol>
      <symbol id="sm-476">
         <name>__TI_int44</name>
         <value>0xffd8</value>
         <object_component_ref idref="oc-7c"/>
      </symbol>
      <symbol id="sm-479">
         <name>__TI_int45</name>
         <value>0xffda</value>
         <object_component_ref idref="oc-7d"/>
      </symbol>
      <symbol id="sm-47c">
         <name>__TI_int46</name>
         <value>0xffdc</value>
         <object_component_ref idref="oc-7e"/>
      </symbol>
      <symbol id="sm-47f">
         <name>__TI_int48</name>
         <value>0xffe0</value>
         <object_component_ref idref="oc-80"/>
      </symbol>
      <symbol id="sm-482">
         <name>__TI_int49</name>
         <value>0xffe2</value>
         <object_component_ref idref="oc-81"/>
      </symbol>
      <symbol id="sm-485">
         <name>__TI_int50</name>
         <value>0xffe4</value>
         <object_component_ref idref="oc-82"/>
      </symbol>
      <symbol id="sm-488">
         <name>__TI_int51</name>
         <value>0xffe6</value>
         <object_component_ref idref="oc-83"/>
      </symbol>
      <symbol id="sm-48b">
         <name>__TI_int52</name>
         <value>0xffe8</value>
         <object_component_ref idref="oc-84"/>
      </symbol>
      <symbol id="sm-48e">
         <name>__TI_int53</name>
         <value>0xffea</value>
         <object_component_ref idref="oc-85"/>
      </symbol>
      <symbol id="sm-491">
         <name>__TI_int54</name>
         <value>0xffec</value>
         <object_component_ref idref="oc-86"/>
      </symbol>
      <symbol id="sm-494">
         <name>__TI_int55</name>
         <value>0xffee</value>
         <object_component_ref idref="oc-87"/>
      </symbol>
      <symbol id="sm-497">
         <name>__TI_int56</name>
         <value>0xfff0</value>
         <object_component_ref idref="oc-88"/>
      </symbol>
      <symbol id="sm-49a">
         <name>__TI_int57</name>
         <value>0xfff2</value>
         <object_component_ref idref="oc-89"/>
      </symbol>
      <symbol id="sm-49d">
         <name>__TI_int58</name>
         <value>0xfff4</value>
         <object_component_ref idref="oc-8a"/>
      </symbol>
      <symbol id="sm-4a0">
         <name>__TI_int59</name>
         <value>0xfff6</value>
         <object_component_ref idref="oc-8b"/>
      </symbol>
      <symbol id="sm-4a3">
         <name>__TI_int60</name>
         <value>0xfff8</value>
         <object_component_ref idref="oc-8c"/>
      </symbol>
      <symbol id="sm-4a6">
         <name>__TI_int61</name>
         <value>0xfffa</value>
         <object_component_ref idref="oc-8d"/>
      </symbol>
      <symbol id="sm-4a9">
         <name>__TI_int62</name>
         <value>0xfffc</value>
         <object_component_ref idref="oc-8e"/>
      </symbol>
      <symbol id="sm-4b1">
         <name>__TI_ISR_TRAP</name>
         <value>0x4476</value>
         <object_component_ref idref="oc-388"/>
      </symbol>
      <symbol id="sm-4b9">
         <name>__mspabi_mpyi_f5hw</name>
         <value>0x10ef4</value>
         <object_component_ref idref="oc-5e2"/>
      </symbol>
      <symbol id="sm-4c3">
         <name>__mspabi_mpyull_f5hw</name>
         <value>0x10dca</value>
         <object_component_ref idref="oc-580"/>
      </symbol>
      <symbol id="sm-4cb">
         <name>__mspabi_mpyll_f5hw</name>
         <value>0x10bb8</value>
         <object_component_ref idref="oc-57b"/>
      </symbol>
      <symbol id="sm-4db">
         <name>_stack</name>
         <value>0x4360</value>
         <object_component_ref idref="oc-36c"/>
      </symbol>
      <symbol id="sm-4dc">
         <name>_c_int00_noargs</name>
         <value>0x445a</value>
         <object_component_ref idref="oc-3ab"/>
      </symbol>
      <symbol id="sm-4dd">
         <name>_reset_vector</name>
         <value>0xfffe</value>
         <object_component_ref idref="oc-36f"/>
      </symbol>
      <symbol id="sm-503">
         <name>__TI_auto_init_nobinit_hold_wdt</name>
         <value>0x10ae2</value>
         <object_component_ref idref="oc-4ae"/>
      </symbol>
      <symbol id="sm-516">
         <name>__TI_zero_init_nomemset</name>
         <value>0x10e96</value>
         <object_component_ref idref="oc-399"/>
      </symbol>
      <symbol id="sm-526">
         <name>_system_pre_init</name>
         <value>0x10ffa</value>
         <object_component_ref idref="oc-3fd"/>
      </symbol>
      <symbol id="sm-52f">
         <name>_system_post_cinit</name>
         <value>0x10ffe</value>
         <object_component_ref idref="oc-544"/>
      </symbol>
      <symbol id="sm-540">
         <name>__TI_decompress_none</name>
         <value>0x10f9c</value>
         <object_component_ref idref="oc-73"/>
      </symbol>
      <symbol id="sm-563">
         <name>__TI_decompress_lzss</name>
         <value>0x10a6c</value>
         <object_component_ref idref="oc-6d"/>
      </symbol>
      <symbol id="sm-570">
         <name>__mspabi_fixdi</name>
         <value>0x10e22</value>
         <object_component_ref idref="oc-453"/>
      </symbol>
      <symbol id="sm-584">
         <name>__mspabi_fixdli</name>
         <value>0x10b52</value>
         <object_component_ref idref="oc-4f6"/>
      </symbol>
      <symbol id="sm-58d">
         <name>__mspabi_fltid</name>
         <value>0x10fdc</value>
         <object_component_ref idref="oc-447"/>
      </symbol>
      <symbol id="sm-5a5">
         <name>__mspabi_fltlid</name>
         <value>0x109ce</value>
         <object_component_ref idref="oc-4e2"/>
      </symbol>
      <symbol id="sm-5ca">
         <name>__mspabi_mpyd</name>
         <value>0x10000</value>
         <object_component_ref idref="oc-44d"/>
      </symbol>
      <symbol id="sm-5d4">
         <name>C$$EXIT</name>
         <value>0x10ff4</value>
         <object_component_ref idref="oc-484"/>
      </symbol>
      <symbol id="sm-5d5">
         <name>abort</name>
         <value>0x10ff4</value>
         <object_component_ref idref="oc-484"/>
      </symbol>
      <symbol id="sm-5e5">
         <name>memcpy</name>
         <value>0x10f88</value>
         <object_component_ref idref="oc-37b"/>
      </symbol>
      <symbol id="sm-649">
         <name>__TI_printfi_minimal</name>
         <value>0x1075c</value>
         <object_component_ref idref="oc-517"/>
      </symbol>
      <symbol id="sm-656">
         <name>__mspabi_slll_9</name>
         <value>0x10cb8</value>
         <object_component_ref idref="oc-569"/>
      </symbol>
      <symbol id="sm-657">
         <name>__mspabi_slll_8</name>
         <value>0x10cbc</value>
         <object_component_ref idref="oc-569"/>
      </symbol>
      <symbol id="sm-658">
         <name>__mspabi_slll_7</name>
         <value>0x10cc0</value>
         <object_component_ref idref="oc-569"/>
      </symbol>
      <symbol id="sm-659">
         <name>__mspabi_slll_6</name>
         <value>0x10cc4</value>
         <object_component_ref idref="oc-569"/>
      </symbol>
      <symbol id="sm-65a">
         <name>__mspabi_slll_5</name>
         <value>0x10cc8</value>
         <object_component_ref idref="oc-569"/>
      </symbol>
      <symbol id="sm-65b">
         <name>__mspabi_slll_4</name>
         <value>0x10ccc</value>
         <object_component_ref idref="oc-569"/>
      </symbol>
      <symbol id="sm-65c">
         <name>__mspabi_slll_3</name>
         <value>0x10cd0</value>
         <object_component_ref idref="oc-569"/>
      </symbol>
      <symbol id="sm-65d">
         <name>__mspabi_slll_2</name>
         <value>0x10cd4</value>
         <object_component_ref idref="oc-569"/>
      </symbol>
      <symbol id="sm-65e">
         <name>__mspabi_slll_1</name>
         <value>0x10cd8</value>
         <object_component_ref idref="oc-569"/>
      </symbol>
      <symbol id="sm-65f">
         <name>__mspabi_slll_15</name>
         <value>0x10ca0</value>
         <object_component_ref idref="oc-569"/>
      </symbol>
      <symbol id="sm-660">
         <name>__mspabi_slll_14</name>
         <value>0x10ca4</value>
         <object_component_ref idref="oc-569"/>
      </symbol>
      <symbol id="sm-661">
         <name>__mspabi_slll_13</name>
         <value>0x10ca8</value>
         <object_component_ref idref="oc-569"/>
      </symbol>
      <symbol id="sm-662">
         <name>__mspabi_slll_12</name>
         <value>0x10cac</value>
         <object_component_ref idref="oc-569"/>
      </symbol>
      <symbol id="sm-663">
         <name>__mspabi_slll_11</name>
         <value>0x10cb0</value>
         <object_component_ref idref="oc-569"/>
      </symbol>
      <symbol id="sm-664">
         <name>__mspabi_slll_10</name>
         <value>0x10cb4</value>
         <object_component_ref idref="oc-569"/>
      </symbol>
      <symbol id="sm-674">
         <name>__mspabi_srll_8</name>
         <value>0x10cfa</value>
         <object_component_ref idref="oc-56e"/>
      </symbol>
      <symbol id="sm-675">
         <name>__mspabi_srll_9</name>
         <value>0x10cf6</value>
         <object_component_ref idref="oc-56e"/>
      </symbol>
      <symbol id="sm-676">
         <name>__mspabi_srll_6</name>
         <value>0x10d02</value>
         <object_component_ref idref="oc-56e"/>
      </symbol>
      <symbol id="sm-677">
         <name>__mspabi_srll_7</name>
         <value>0x10cfe</value>
         <object_component_ref idref="oc-56e"/>
      </symbol>
      <symbol id="sm-678">
         <name>__mspabi_srll_4</name>
         <value>0x10d0a</value>
         <object_component_ref idref="oc-56e"/>
      </symbol>
      <symbol id="sm-679">
         <name>__mspabi_srll_5</name>
         <value>0x10d06</value>
         <object_component_ref idref="oc-56e"/>
      </symbol>
      <symbol id="sm-67a">
         <name>__mspabi_srll_2</name>
         <value>0x10d12</value>
         <object_component_ref idref="oc-56e"/>
      </symbol>
      <symbol id="sm-67b">
         <name>__mspabi_srll_3</name>
         <value>0x10d0e</value>
         <object_component_ref idref="oc-56e"/>
      </symbol>
      <symbol id="sm-67c">
         <name>__mspabi_srll_1</name>
         <value>0x10d16</value>
         <object_component_ref idref="oc-56e"/>
      </symbol>
      <symbol id="sm-67d">
         <name>__mspabi_srll_15</name>
         <value>0x10cde</value>
         <object_component_ref idref="oc-56e"/>
      </symbol>
      <symbol id="sm-67e">
         <name>__mspabi_srll_14</name>
         <value>0x10ce2</value>
         <object_component_ref idref="oc-56e"/>
      </symbol>
      <symbol id="sm-67f">
         <name>__mspabi_srll_13</name>
         <value>0x10ce6</value>
         <object_component_ref idref="oc-56e"/>
      </symbol>
      <symbol id="sm-680">
         <name>__mspabi_srll_12</name>
         <value>0x10cea</value>
         <object_component_ref idref="oc-56e"/>
      </symbol>
      <symbol id="sm-681">
         <name>__mspabi_srll_11</name>
         <value>0x10cee</value>
         <object_component_ref idref="oc-56e"/>
      </symbol>
      <symbol id="sm-682">
         <name>__mspabi_srll_10</name>
         <value>0x10cf2</value>
         <object_component_ref idref="oc-56e"/>
      </symbol>
      <symbol id="sm-683">
         <name>__mspabi_srll</name>
         <value>0x10fbe</value>
         <object_component_ref idref="oc-58e"/>
      </symbol>
      <symbol id="sm-692">
         <name>__mspabi_srlll</name>
         <value>0x10d90</value>
         <object_component_ref idref="oc-585"/>
      </symbol>
      <symbol id="sm-6a2">
         <name>__TI_frcmpyd</name>
         <value>0x104c6</value>
         <object_component_ref idref="oc-4e9"/>
      </symbol>
      <symbol id="sm-6b6">
         <name>memccpy</name>
         <value>0x10e70</value>
         <object_component_ref idref="oc-606"/>
      </symbol>
      <symbol id="sm-6c4">
         <name>memset</name>
         <value>0x10f0c</value>
         <object_component_ref idref="oc-5f9"/>
      </symbol>
      <symbol id="sm-6d2">
         <name>strlen</name>
         <value>0x10fce</value>
         <object_component_ref idref="oc-59b"/>
      </symbol>
      <symbol id="sm-6e8">
         <name>__mspabi_sllll</name>
         <value>0x10d56</value>
         <object_component_ref idref="oc-575"/>
      </symbol>
   </symbol_table>
   <title>Link successful</title>
</link_info>
